Copyright 1986-2019 Xilinx, Inc. All Rights Reserved.
---------------------------------------------------------------------------------------------------------------------------------------
| Tool Version : Vivado v.2019.1 (win64) Build 2552052 Fri May 24 14:49:42 MDT 2019
| Date         : Sat May 16 19:13:51 2026
| Host         : LAPTOP-RNRU6CQQ running 64-bit major release  (build 9200)
| Command      : report_drc -file design_1_wrapper_drc_opted.rpt -pb design_1_wrapper_drc_opted.pb -rpx design_1_wrapper_drc_opted.rpx
| Design       : design_1_wrapper
| Device       : xc7z020clg484-1
| Speed File   : -1
| Design State : Synthesized
---------------------------------------------------------------------------------------------------------------------------------------

Report DRC

Table of Contents
-----------------
1. REPORT SUMMARY
2. REPORT DETAILS

1. REPORT SUMMARY
-----------------
            Netlist: netlist
          Floorplan: design_1
      Design limits: <entire design considered>
           Ruledeck: default
             Max violations: <unlimited>
             Violations found: 64
+-----------+----------+----------------------------+------------+
| Rule      | Severity | Description                | Violations |
+-----------+----------+----------------------------+------------+
| CHECK-3   | Warning  | Report rule limit reached  | 2          |
| DPIP-1    | Warning  | Input pipelining           | 14         |
| DPOP-2    | Warning  | MREG Output pipelining     | 7          |
| REQP-1839 | Warning  | RAMB36 async control check | 20         |
| REQP-1840 | Warning  | RAMB18 async control check | 20         |
| REQP-181  | Advisory | writefirst                 | 1          |
+-----------+----------+----------------------------+------------+

2. REPORT DETAILS
-----------------
CHECK-3#1 Warning
Report rule limit reached  
REQP-1839 rule limit reached: 20 violations have been found.
Related violations: <none>

CHECK-3#2 Warning
Report rule limit reached  
REQP-1840 rule limit reached: 20 violations have been found.
Related violations: <none>

DPIP-1#1 Warning
Input pipelining  
DSP design_1_i/polymul_axi_top_0/inst/u_core/u_dbu/u_bu_even/u_mul/product input design_1_i/polymul_axi_top_0/inst/u_core/u_dbu/u_bu_even/u_mul/product/A[29:0] is not pipelined. Pipelining DSP48 input will improve performance.
Related violations: <none>

DPIP-1#2 Warning
Input pipelining  
DSP design_1_i/polymul_axi_top_0/inst/u_core/u_dbu/u_bu_even/u_mul/product input design_1_i/polymul_axi_top_0/inst/u_core/u_dbu/u_bu_even/u_mul/product/B[17:0] is not pipelined. Pipelining DSP48 input will improve performance.
Related violations: <none>

DPIP-1#3 Warning
Input pipelining  
DSP design_1_i/polymul_axi_top_0/inst/u_core/u_dbu/u_bu_odd/u_mul/product input design_1_i/polymul_axi_top_0/inst/u_core/u_dbu/u_bu_odd/u_mul/product/A[29:0] is not pipelined. Pipelining DSP48 input will improve performance.
Related violations: <none>

DPIP-1#4 Warning
Input pipelining  
DSP design_1_i/polymul_axi_top_0/inst/u_core/u_dbu/u_bu_odd/u_mul/product input design_1_i/polymul_axi_top_0/inst/u_core/u_dbu/u_bu_odd/u_mul/product/B[17:0] is not pipelined. Pipelining DSP48 input will improve performance.
Related violations: <none>

DPIP-1#5 Warning
Input pipelining  
DSP design_1_i/polymul_axi_top_0/inst/u_core/u_pwm/u_mul_0/product input design_1_i/polymul_axi_top_0/inst/u_core/u_pwm/u_mul_0/product/A[29:0] is not pipelined. Pipelining DSP48 input will improve performance.
Related violations: <none>

DPIP-1#6 Warning
Input pipelining  
DSP design_1_i/polymul_axi_top_0/inst/u_core/u_pwm/u_mul_0/product input design_1_i/polymul_axi_top_0/inst/u_core/u_pwm/u_mul_0/product/B[17:0] is not pipelined. Pipelining DSP48 input will improve performance.
Related violations: <none>

DPIP-1#7 Warning
Input pipelining  
DSP design_1_i/polymul_axi_top_0/inst/u_core/u_pwm/u_mul_1/product input design_1_i/polymul_axi_top_0/inst/u_core/u_pwm/u_mul_1/product/A[29:0] is not pipelined. Pipelining DSP48 input will improve performance.
Related violations: <none>

DPIP-1#8 Warning
Input pipelining  
DSP design_1_i/polymul_axi_top_0/inst/u_core/u_pwm/u_mul_1/product input design_1_i/polymul_axi_top_0/inst/u_core/u_pwm/u_mul_1/product/B[17:0] is not pipelined. Pipelining DSP48 input will improve performance.
Related violations: <none>

DPIP-1#9 Warning
Input pipelining  
DSP design_1_i/polymul_axi_top_0/inst/u_core/u_pwm/u_mul_2/product input design_1_i/polymul_axi_top_0/inst/u_core/u_pwm/u_mul_2/product/A[29:0] is not pipelined. Pipelining DSP48 input will improve performance.
Related violations: <none>

DPIP-1#10 Warning
Input pipelining  
DSP design_1_i/polymul_axi_top_0/inst/u_core/u_pwm/u_mul_2/product input design_1_i/polymul_axi_top_0/inst/u_core/u_pwm/u_mul_2/product/B[17:0] is not pipelined. Pipelining DSP48 input will improve performance.
Related violations: <none>

DPIP-1#11 Warning
Input pipelining  
DSP design_1_i/polymul_axi_top_0/inst/u_core/u_pwm/u_mul_3/product input design_1_i/polymul_axi_top_0/inst/u_core/u_pwm/u_mul_3/product/A[29:0] is not pipelined. Pipelining DSP48 input will improve performance.
Related violations: <none>

DPIP-1#12 Warning
Input pipelining  
DSP design_1_i/polymul_axi_top_0/inst/u_core/u_pwm/u_mul_3/product input design_1_i/polymul_axi_top_0/inst/u_core/u_pwm/u_mul_3/product/B[17:0] is not pipelined. Pipelining DSP48 input will improve performance.
Related violations: <none>

DPIP-1#13 Warning
Input pipelining  
DSP design_1_i/polymul_axi_top_0/inst/u_core/u_pwm/u_mul_4/product input design_1_i/polymul_axi_top_0/inst/u_core/u_pwm/u_mul_4/product/A[29:0] is not pipelined. Pipelining DSP48 input will improve performance.
Related violations: <none>

DPIP-1#14 Warning
Input pipelining  
DSP design_1_i/polymul_axi_top_0/inst/u_core/u_pwm/u_mul_4/product input design_1_i/polymul_axi_top_0/inst/u_core/u_pwm/u_mul_4/product/B[17:0] is not pipelined. Pipelining DSP48 input will improve performance.
Related violations: <none>

DPOP-2#1 Warning
MREG Output pipelining  
DSP design_1_i/polymul_axi_top_0/inst/u_core/u_dbu/u_bu_even/u_mul/product multiplier stage design_1_i/polymul_axi_top_0/inst/u_core/u_dbu/u_bu_even/u_mul/product/P[47:0] is not pipelined (MREG=0). Pipelining the multiplier function will improve performance and will save significant power so it is suggested whenever possible to fully pipeline this function.  If this multiplier was inferred, it is suggested to describe an additional register stage after this function.  If there is no registered adder/accumulator following the multiply function, two pipeline stages are suggested to allow both the MREG and PREG registers to be used.  If the DSP48 was instantiated in the design, it is suggested to set both the MREG and PREG attributes to 1 when performing multiply functions.
Related violations: <none>

DPOP-2#2 Warning
MREG Output pipelining  
DSP design_1_i/polymul_axi_top_0/inst/u_core/u_dbu/u_bu_odd/u_mul/product multiplier stage design_1_i/polymul_axi_top_0/inst/u_core/u_dbu/u_bu_odd/u_mul/product/P[47:0] is not pipelined (MREG=0). Pipelining the multiplier function will improve performance and will save significant power so it is suggested whenever possible to fully pipeline this function.  If this multiplier was inferred, it is suggested to describe an additional register stage after this function.  If there is no registered adder/accumulator following the multiply function, two pipeline stages are suggested to allow both the MREG and PREG registers to be used.  If the DSP48 was instantiated in the design, it is suggested to set both the MREG and PREG attributes to 1 when performing multiply functions.
Related violations: <none>

DPOP-2#3 Warning
MREG Output pipelining  
DSP design_1_i/polymul_axi_top_0/inst/u_core/u_pwm/u_mul_0/product multiplier stage design_1_i/polymul_axi_top_0/inst/u_core/u_pwm/u_mul_0/product/P[47:0] is not pipelined (MREG=0). Pipelining the multiplier function will improve performance and will save significant power so it is suggested whenever possible to fully pipeline this function.  If this multiplier was inferred, it is suggested to describe an additional register stage after this function.  If there is no registered adder/accumulator following the multiply function, two pipeline stages are suggested to allow both the MREG and PREG registers to be used.  If the DSP48 was instantiated in the design, it is suggested to set both the MREG and PREG attributes to 1 when performing multiply functions.
Related violations: <none>

DPOP-2#4 Warning
MREG Output pipelining  
DSP design_1_i/polymul_axi_top_0/inst/u_core/u_pwm/u_mul_1/product multiplier stage design_1_i/polymul_axi_top_0/inst/u_core/u_pwm/u_mul_1/product/P[47:0] is not pipelined (MREG=0). Pipelining the multiplier function will improve performance and will save significant power so it is suggested whenever possible to fully pipeline this function.  If this multiplier was inferred, it is suggested to describe an additional register stage after this function.  If there is no registered adder/accumulator following the multiply function, two pipeline stages are suggested to allow both the MREG and PREG registers to be used.  If the DSP48 was instantiated in the design, it is suggested to set both the MREG and PREG attributes to 1 when performing multiply functions.
Related violations: <none>

DPOP-2#5 Warning
MREG Output pipelining  
DSP design_1_i/polymul_axi_top_0/inst/u_core/u_pwm/u_mul_2/product multiplier stage design_1_i/polymul_axi_top_0/inst/u_core/u_pwm/u_mul_2/product/P[47:0] is not pipelined (MREG=0). Pipelining the multiplier function will improve performance and will save significant power so it is suggested whenever possible to fully pipeline this function.  If this multiplier was inferred, it is suggested to describe an additional register stage after this function.  If there is no registered adder/accumulator following the multiply function, two pipeline stages are suggested to allow both the MREG and PREG registers to be used.  If the DSP48 was instantiated in the design, it is suggested to set both the MREG and PREG attributes to 1 when performing multiply functions.
Related violations: <none>

DPOP-2#6 Warning
MREG Output pipelining  
DSP design_1_i/polymul_axi_top_0/inst/u_core/u_pwm/u_mul_3/product multiplier stage design_1_i/polymul_axi_top_0/inst/u_core/u_pwm/u_mul_3/product/P[47:0] is not pipelined (MREG=0). Pipelining the multiplier function will improve performance and will save significant power so it is suggested whenever possible to fully pipeline this function.  If this multiplier was inferred, it is suggested to describe an additional register stage after this function.  If there is no registered adder/accumulator following the multiply function, two pipeline stages are suggested to allow both the MREG and PREG registers to be used.  If the DSP48 was instantiated in the design, it is suggested to set both the MREG and PREG attributes to 1 when performing multiply functions.
Related violations: <none>

DPOP-2#7 Warning
MREG Output pipelining  
DSP design_1_i/polymul_axi_top_0/inst/u_core/u_pwm/u_mul_4/product multiplier stage design_1_i/polymul_axi_top_0/inst/u_core/u_pwm/u_mul_4/product/P[47:0] is not pipelined (MREG=0). Pipelining the multiplier function will improve performance and will save significant power so it is suggested whenever possible to fully pipeline this function.  If this multiplier was inferred, it is suggested to describe an additional register stage after this function.  If there is no registered adder/accumulator following the multiply function, two pipeline stages are suggested to allow both the MREG and PREG registers to be used.  If the DSP48 was instantiated in the design, it is suggested to set both the MREG and PREG attributes to 1 when performing multiply functions.
Related violations: <none>

REQP-1839#1 Warning
RAMB36 async control check  
The RAMB36E1 design_1_i/polymul_axi_top_0/inst/u_core/u_bram_A/mem_reg has an input control pin design_1_i/polymul_axi_top_0/inst/u_core/u_bram_A/mem_reg/ADDRARDADDR[11] (net: design_1_i/polymul_axi_top_0/inst/u_core/u_bram_A/mem_reg_3[6]) which is driven by a register (design_1_i/polymul_axi_top_0/inst/FSM_sequential_state_reg[0]) that has an active asychronous set or reset. This may cause corruption of the memory contents and/or read values when the set/reset is asserted and is not analyzed by the default static timing analysis. It is suggested to eliminate the use of a set/reset to registers driving this RAMB pin or else use a synchronous reset in which the assertion of the reset is timed by default.
Related violations: <none>

REQP-1839#2 Warning
RAMB36 async control check  
The RAMB36E1 design_1_i/polymul_axi_top_0/inst/u_core/u_bram_A/mem_reg has an input control pin design_1_i/polymul_axi_top_0/inst/u_core/u_bram_A/mem_reg/ADDRARDADDR[11] (net: design_1_i/polymul_axi_top_0/inst/u_core/u_bram_A/mem_reg_3[6]) which is driven by a register (design_1_i/polymul_axi_top_0/inst/FSM_sequential_state_reg[1]) that has an active asychronous set or reset. This may cause corruption of the memory contents and/or read values when the set/reset is asserted and is not analyzed by the default static timing analysis. It is suggested to eliminate the use of a set/reset to registers driving this RAMB pin or else use a synchronous reset in which the assertion of the reset is timed by default.
Related violations: <none>

REQP-1839#3 Warning
RAMB36 async control check  
The RAMB36E1 design_1_i/polymul_axi_top_0/inst/u_core/u_bram_A/mem_reg has an input control pin design_1_i/polymul_axi_top_0/inst/u_core/u_bram_A/mem_reg/ADDRARDADDR[11] (net: design_1_i/polymul_axi_top_0/inst/u_core/u_bram_A/mem_reg_3[6]) which is driven by a register (design_1_i/polymul_axi_top_0/inst/cnt_reg[6]) that has an active asychronous set or reset. This may cause corruption of the memory contents and/or read values when the set/reset is asserted and is not analyzed by the default static timing analysis. It is suggested to eliminate the use of a set/reset to registers driving this RAMB pin or else use a synchronous reset in which the assertion of the reset is timed by default.
Related violations: <none>

REQP-1839#4 Warning
RAMB36 async control check  
The RAMB36E1 design_1_i/polymul_axi_top_0/inst/u_core/u_bram_A/mem_reg has an input control pin design_1_i/polymul_axi_top_0/inst/u_core/u_bram_A/mem_reg/ADDRARDADDR[11] (net: design_1_i/polymul_axi_top_0/inst/u_core/u_bram_A/mem_reg_3[6]) which is driven by a register (design_1_i/polymul_axi_top_0/inst/u_core/u_addr/bf_cnt_reg[0]) that has an active asychronous set or reset. This may cause corruption of the memory contents and/or read values when the set/reset is asserted and is not analyzed by the default static timing analysis. It is suggested to eliminate the use of a set/reset to registers driving this RAMB pin or else use a synchronous reset in which the assertion of the reset is timed by default.
Related violations: <none>

REQP-1839#5 Warning
RAMB36 async control check  
The RAMB36E1 design_1_i/polymul_axi_top_0/inst/u_core/u_bram_A/mem_reg has an input control pin design_1_i/polymul_axi_top_0/inst/u_core/u_bram_A/mem_reg/ADDRARDADDR[11] (net: design_1_i/polymul_axi_top_0/inst/u_core/u_bram_A/mem_reg_3[6]) which is driven by a register (design_1_i/polymul_axi_top_0/inst/u_core/u_addr/bf_cnt_reg[1]) that has an active asychronous set or reset. This may cause corruption of the memory contents and/or read values when the set/reset is asserted and is not analyzed by the default static timing analysis. It is suggested to eliminate the use of a set/reset to registers driving this RAMB pin or else use a synchronous reset in which the assertion of the reset is timed by default.
Related violations: <none>

REQP-1839#6 Warning
RAMB36 async control check  
The RAMB36E1 design_1_i/polymul_axi_top_0/inst/u_core/u_bram_A/mem_reg has an input control pin design_1_i/polymul_axi_top_0/inst/u_core/u_bram_A/mem_reg/ADDRARDADDR[11] (net: design_1_i/polymul_axi_top_0/inst/u_core/u_bram_A/mem_reg_3[6]) which is driven by a register (design_1_i/polymul_axi_top_0/inst/u_core/u_addr/bf_cnt_reg[2]) that has an active asychronous set or reset. This may cause corruption of the memory contents and/or read values when the set/reset is asserted and is not analyzed by the default static timing analysis. It is suggested to eliminate the use of a set/reset to registers driving this RAMB pin or else use a synchronous reset in which the assertion of the reset is timed by default.
Related violations: <none>

REQP-1839#7 Warning
RAMB36 async control check  
The RAMB36E1 design_1_i/polymul_axi_top_0/inst/u_core/u_bram_A/mem_reg has an input control pin design_1_i/polymul_axi_top_0/inst/u_core/u_bram_A/mem_reg/ADDRARDADDR[11] (net: design_1_i/polymul_axi_top_0/inst/u_core/u_bram_A/mem_reg_3[6]) which is driven by a register (design_1_i/polymul_axi_top_0/inst/u_core/u_addr/bf_cnt_reg[3]) that has an active asychronous set or reset. This may cause corruption of the memory contents and/or read values when the set/reset is asserted and is not analyzed by the default static timing analysis. It is suggested to eliminate the use of a set/reset to registers driving this RAMB pin or else use a synchronous reset in which the assertion of the reset is timed by default.
Related violations: <none>

REQP-1839#8 Warning
RAMB36 async control check  
The RAMB36E1 design_1_i/polymul_axi_top_0/inst/u_core/u_bram_A/mem_reg has an input control pin design_1_i/polymul_axi_top_0/inst/u_core/u_bram_A/mem_reg/ADDRARDADDR[11] (net: design_1_i/polymul_axi_top_0/inst/u_core/u_bram_A/mem_reg_3[6]) which is driven by a register (design_1_i/polymul_axi_top_0/inst/u_core/u_addr/bf_cnt_reg[4]) that has an active asychronous set or reset. This may cause corruption of the memory contents and/or read values when the set/reset is asserted and is not analyzed by the default static timing analysis. It is suggested to eliminate the use of a set/reset to registers driving this RAMB pin or else use a synchronous reset in which the assertion of the reset is timed by default.
Related violations: <none>

REQP-1839#9 Warning
RAMB36 async control check  
The RAMB36E1 design_1_i/polymul_axi_top_0/inst/u_core/u_bram_A/mem_reg has an input control pin design_1_i/polymul_axi_top_0/inst/u_core/u_bram_A/mem_reg/ADDRARDADDR[11] (net: design_1_i/polymul_axi_top_0/inst/u_core/u_bram_A/mem_reg_3[6]) which is driven by a register (design_1_i/polymul_axi_top_0/inst/u_core/u_addr/bf_cnt_reg[5]) that has an active asychronous set or reset. This may cause corruption of the memory contents and/or read values when the set/reset is asserted and is not analyzed by the default static timing analysis. It is suggested to eliminate the use of a set/reset to registers driving this RAMB pin or else use a synchronous reset in which the assertion of the reset is timed by default.
Related violations: <none>

REQP-1839#10 Warning
RAMB36 async control check  
The RAMB36E1 design_1_i/polymul_axi_top_0/inst/u_core/u_bram_A/mem_reg has an input control pin design_1_i/polymul_axi_top_0/inst/u_core/u_bram_A/mem_reg/ADDRARDADDR[11] (net: design_1_i/polymul_axi_top_0/inst/u_core/u_bram_A/mem_reg_3[6]) which is driven by a register (design_1_i/polymul_axi_top_0/inst/u_core/u_addr/bf_cnt_reg[6]) that has an active asychronous set or reset. This may cause corruption of the memory contents and/or read values when the set/reset is asserted and is not analyzed by the default static timing analysis. It is suggested to eliminate the use of a set/reset to registers driving this RAMB pin or else use a synchronous reset in which the assertion of the reset is timed by default.
Related violations: <none>

REQP-1839#11 Warning
RAMB36 async control check  
The RAMB36E1 design_1_i/polymul_axi_top_0/inst/u_core/u_bram_A/mem_reg has an input control pin design_1_i/polymul_axi_top_0/inst/u_core/u_bram_A/mem_reg/ADDRARDADDR[11] (net: design_1_i/polymul_axi_top_0/inst/u_core/u_bram_A/mem_reg_3[6]) which is driven by a register (design_1_i/polymul_axi_top_0/inst/u_core/u_addr/busy_reg) that has an active asychronous set or reset. This may cause corruption of the memory contents and/or read values when the set/reset is asserted and is not analyzed by the default static timing analysis. It is suggested to eliminate the use of a set/reset to registers driving this RAMB pin or else use a synchronous reset in which the assertion of the reset is timed by default.
Related violations: <none>

REQP-1839#12 Warning
RAMB36 async control check  
The RAMB36E1 design_1_i/polymul_axi_top_0/inst/u_core/u_bram_A/mem_reg has an input control pin design_1_i/polymul_axi_top_0/inst/u_core/u_bram_A/mem_reg/ADDRARDADDR[11] (net: design_1_i/polymul_axi_top_0/inst/u_core/u_bram_A/mem_reg_3[6]) which is driven by a register (design_1_i/polymul_axi_top_0/inst/u_core/u_addr/intt_reg_reg) that has an active asychronous set or reset. This may cause corruption of the memory contents and/or read values when the set/reset is asserted and is not analyzed by the default static timing analysis. It is suggested to eliminate the use of a set/reset to registers driving this RAMB pin or else use a synchronous reset in which the assertion of the reset is timed by default.
Related violations: <none>

REQP-1839#13 Warning
RAMB36 async control check  
The RAMB36E1 design_1_i/polymul_axi_top_0/inst/u_core/u_bram_A/mem_reg has an input control pin design_1_i/polymul_axi_top_0/inst/u_core/u_bram_A/mem_reg/ADDRARDADDR[11] (net: design_1_i/polymul_axi_top_0/inst/u_core/u_bram_A/mem_reg_3[6]) which is driven by a register (design_1_i/polymul_axi_top_0/inst/u_core/u_addr/ping_pong_reg) that has an active asychronous set or reset. This may cause corruption of the memory contents and/or read values when the set/reset is asserted and is not analyzed by the default static timing analysis. It is suggested to eliminate the use of a set/reset to registers driving this RAMB pin or else use a synchronous reset in which the assertion of the reset is timed by default.
Related violations: <none>

REQP-1839#14 Warning
RAMB36 async control check  
The RAMB36E1 design_1_i/polymul_axi_top_0/inst/u_core/u_bram_A/mem_reg has an input control pin design_1_i/polymul_axi_top_0/inst/u_core/u_bram_A/mem_reg/ADDRARDADDR[11] (net: design_1_i/polymul_axi_top_0/inst/u_core/u_bram_A/mem_reg_3[6]) which is driven by a register (design_1_i/polymul_axi_top_0/inst/u_core/u_addr/pp_pipe_reg[6]) that has an active asychronous set or reset. This may cause corruption of the memory contents and/or read values when the set/reset is asserted and is not analyzed by the default static timing analysis. It is suggested to eliminate the use of a set/reset to registers driving this RAMB pin or else use a synchronous reset in which the assertion of the reset is timed by default.
Related violations: <none>

REQP-1839#15 Warning
RAMB36 async control check  
The RAMB36E1 design_1_i/polymul_axi_top_0/inst/u_core/u_bram_A/mem_reg has an input control pin design_1_i/polymul_axi_top_0/inst/u_core/u_bram_A/mem_reg/ADDRARDADDR[11] (net: design_1_i/polymul_axi_top_0/inst/u_core/u_bram_A/mem_reg_3[6]) which is driven by a register (design_1_i/polymul_axi_top_0/inst/u_core/u_addr/stage_active_reg) that has an active asychronous set or reset. This may cause corruption of the memory contents and/or read values when the set/reset is asserted and is not analyzed by the default static timing analysis. It is suggested to eliminate the use of a set/reset to registers driving this RAMB pin or else use a synchronous reset in which the assertion of the reset is timed by default.
Related violations: <none>

REQP-1839#16 Warning
RAMB36 async control check  
The RAMB36E1 design_1_i/polymul_axi_top_0/inst/u_core/u_bram_A/mem_reg has an input control pin design_1_i/polymul_axi_top_0/inst/u_core/u_bram_A/mem_reg/ADDRARDADDR[11] (net: design_1_i/polymul_axi_top_0/inst/u_core/u_bram_A/mem_reg_3[6]) which is driven by a register (design_1_i/polymul_axi_top_0/inst/u_core/u_addr/stage_out_reg[0]) that has an active asychronous set or reset. This may cause corruption of the memory contents and/or read values when the set/reset is asserted and is not analyzed by the default static timing analysis. It is suggested to eliminate the use of a set/reset to registers driving this RAMB pin or else use a synchronous reset in which the assertion of the reset is timed by default.
Related violations: <none>

REQP-1839#17 Warning
RAMB36 async control check  
The RAMB36E1 design_1_i/polymul_axi_top_0/inst/u_core/u_bram_A/mem_reg has an input control pin design_1_i/polymul_axi_top_0/inst/u_core/u_bram_A/mem_reg/ADDRARDADDR[11] (net: design_1_i/polymul_axi_top_0/inst/u_core/u_bram_A/mem_reg_3[6]) which is driven by a register (design_1_i/polymul_axi_top_0/inst/u_core/u_addr/stage_out_reg[1]) that has an active asychronous set or reset. This may cause corruption of the memory contents and/or read values when the set/reset is asserted and is not analyzed by the default static timing analysis. It is suggested to eliminate the use of a set/reset to registers driving this RAMB pin or else use a synchronous reset in which the assertion of the reset is timed by default.
Related violations: <none>

REQP-1839#18 Warning
RAMB36 async control check  
The RAMB36E1 design_1_i/polymul_axi_top_0/inst/u_core/u_bram_A/mem_reg has an input control pin design_1_i/polymul_axi_top_0/inst/u_core/u_bram_A/mem_reg/ADDRARDADDR[11] (net: design_1_i/polymul_axi_top_0/inst/u_core/u_bram_A/mem_reg_3[6]) which is driven by a register (design_1_i/polymul_axi_top_0/inst/u_core/u_addr/stage_out_reg[2]) that has an active asychronous set or reset. This may cause corruption of the memory contents and/or read values when the set/reset is asserted and is not analyzed by the default static timing analysis. It is suggested to eliminate the use of a set/reset to registers driving this RAMB pin or else use a synchronous reset in which the assertion of the reset is timed by default.
Related violations: <none>

REQP-1839#19 Warning
RAMB36 async control check  
The RAMB36E1 design_1_i/polymul_axi_top_0/inst/u_core/u_bram_A/mem_reg has an input control pin design_1_i/polymul_axi_top_0/inst/u_core/u_bram_A/mem_reg/ADDRARDADDR[11] (net: design_1_i/polymul_axi_top_0/inst/u_core/u_bram_A/mem_reg_3[6]) which is driven by a register (design_1_i/polymul_axi_top_0/inst/u_core/u_addr/waj_pipe_reg[6][6]) that has an active asychronous set or reset. This may cause corruption of the memory contents and/or read values when the set/reset is asserted and is not analyzed by the default static timing analysis. It is suggested to eliminate the use of a set/reset to registers driving this RAMB pin or else use a synchronous reset in which the assertion of the reset is timed by default.
Related violations: <none>

REQP-1839#20 Warning
RAMB36 async control check  
The RAMB36E1 design_1_i/polymul_axi_top_0/inst/u_core/u_bram_A/mem_reg has an input control pin design_1_i/polymul_axi_top_0/inst/u_core/u_bram_A/mem_reg/ADDRARDADDR[11] (net: design_1_i/polymul_axi_top_0/inst/u_core/u_bram_A/mem_reg_3[6]) which is driven by a register (design_1_i/polymul_axi_top_0/inst/u_core/u_addr/wen_pipe_reg[6]) that has an active asychronous set or reset. This may cause corruption of the memory contents and/or read values when the set/reset is asserted and is not analyzed by the default static timing analysis. It is suggested to eliminate the use of a set/reset to registers driving this RAMB pin or else use a synchronous reset in which the assertion of the reset is timed by default.
Related violations: <none>

REQP-1840#1 Warning
RAMB18 async control check  
The RAMB18E1 design_1_i/polymul_axi_top_0/inst/u_core/u_zeta_pwm_rom/dout_reg has an input control pin design_1_i/polymul_axi_top_0/inst/u_core/u_zeta_pwm_rom/dout_reg/ADDRARDADDR[10] (net: design_1_i/polymul_axi_top_0/inst/u_core/u_zeta_pwm_rom/Q[6]) which is driven by a register (design_1_i/polymul_axi_top_0/inst/u_core/pwm_cnt_reg_rep[6]) that has an active asychronous set or reset. This may cause corruption of the memory contents and/or read values when the set/reset is asserted and is not analyzed by the default static timing analysis. It is suggested to eliminate the use of a set/reset to registers driving this RAMB pin or else use a synchronous reset in which the assertion of the reset is timed by default.
Related violations: <none>

REQP-1840#2 Warning
RAMB18 async control check  
The RAMB18E1 design_1_i/polymul_axi_top_0/inst/u_core/u_zeta_pwm_rom/dout_reg has an input control pin design_1_i/polymul_axi_top_0/inst/u_core/u_zeta_pwm_rom/dout_reg/ADDRARDADDR[4] (net: design_1_i/polymul_axi_top_0/inst/u_core/u_zeta_pwm_rom/Q[0]) which is driven by a register (design_1_i/polymul_axi_top_0/inst/u_core/pwm_cnt_reg_rep[0]) that has an active asychronous set or reset. This may cause corruption of the memory contents and/or read values when the set/reset is asserted and is not analyzed by the default static timing analysis. It is suggested to eliminate the use of a set/reset to registers driving this RAMB pin or else use a synchronous reset in which the assertion of the reset is timed by default.
Related violations: <none>

REQP-1840#3 Warning
RAMB18 async control check  
The RAMB18E1 design_1_i/polymul_axi_top_0/inst/u_core/u_zeta_pwm_rom/dout_reg has an input control pin design_1_i/polymul_axi_top_0/inst/u_core/u_zeta_pwm_rom/dout_reg/ADDRARDADDR[5] (net: design_1_i/polymul_axi_top_0/inst/u_core/u_zeta_pwm_rom/Q[1]) which is driven by a register (design_1_i/polymul_axi_top_0/inst/u_core/pwm_cnt_reg_rep[1]) that has an active asychronous set or reset. This may cause corruption of the memory contents and/or read values when the set/reset is asserted and is not analyzed by the default static timing analysis. It is suggested to eliminate the use of a set/reset to registers driving this RAMB pin or else use a synchronous reset in which the assertion of the reset is timed by default.
Related violations: <none>

REQP-1840#4 Warning
RAMB18 async control check  
The RAMB18E1 design_1_i/polymul_axi_top_0/inst/u_core/u_zeta_pwm_rom/dout_reg has an input control pin design_1_i/polymul_axi_top_0/inst/u_core/u_zeta_pwm_rom/dout_reg/ADDRARDADDR[6] (net: design_1_i/polymul_axi_top_0/inst/u_core/u_zeta_pwm_rom/Q[2]) which is driven by a register (design_1_i/polymul_axi_top_0/inst/u_core/pwm_cnt_reg_rep[2]) that has an active asychronous set or reset. This may cause corruption of the memory contents and/or read values when the set/reset is asserted and is not analyzed by the default static timing analysis. It is suggested to eliminate the use of a set/reset to registers driving this RAMB pin or else use a synchronous reset in which the assertion of the reset is timed by default.
Related violations: <none>

REQP-1840#5 Warning
RAMB18 async control check  
The RAMB18E1 design_1_i/polymul_axi_top_0/inst/u_core/u_zeta_pwm_rom/dout_reg has an input control pin design_1_i/polymul_axi_top_0/inst/u_core/u_zeta_pwm_rom/dout_reg/ADDRARDADDR[7] (net: design_1_i/polymul_axi_top_0/inst/u_core/u_zeta_pwm_rom/Q[3]) which is driven by a register (design_1_i/polymul_axi_top_0/inst/u_core/pwm_cnt_reg_rep[3]) that has an active asychronous set or reset. This may cause corruption of the memory contents and/or read values when the set/reset is asserted and is not analyzed by the default static timing analysis. It is suggested to eliminate the use of a set/reset to registers driving this RAMB pin or else use a synchronous reset in which the assertion of the reset is timed by default.
Related violations: <none>

REQP-1840#6 Warning
RAMB18 async control check  
The RAMB18E1 design_1_i/polymul_axi_top_0/inst/u_core/u_zeta_pwm_rom/dout_reg has an input control pin design_1_i/polymul_axi_top_0/inst/u_core/u_zeta_pwm_rom/dout_reg/ADDRARDADDR[8] (net: design_1_i/polymul_axi_top_0/inst/u_core/u_zeta_pwm_rom/Q[4]) which is driven by a register (design_1_i/polymul_axi_top_0/inst/u_core/pwm_cnt_reg_rep[4]) that has an active asychronous set or reset. This may cause corruption of the memory contents and/or read values when the set/reset is asserted and is not analyzed by the default static timing analysis. It is suggested to eliminate the use of a set/reset to registers driving this RAMB pin or else use a synchronous reset in which the assertion of the reset is timed by default.
Related violations: <none>

REQP-1840#7 Warning
RAMB18 async control check  
The RAMB18E1 design_1_i/polymul_axi_top_0/inst/u_core/u_zeta_pwm_rom/dout_reg has an input control pin design_1_i/polymul_axi_top_0/inst/u_core/u_zeta_pwm_rom/dout_reg/ADDRARDADDR[9] (net: design_1_i/polymul_axi_top_0/inst/u_core/u_zeta_pwm_rom/Q[5]) which is driven by a register (design_1_i/polymul_axi_top_0/inst/u_core/pwm_cnt_reg_rep[5]) that has an active asychronous set or reset. This may cause corruption of the memory contents and/or read values when the set/reset is asserted and is not analyzed by the default static timing analysis. It is suggested to eliminate the use of a set/reset to registers driving this RAMB pin or else use a synchronous reset in which the assertion of the reset is timed by default.
Related violations: <none>

REQP-1840#8 Warning
RAMB18 async control check  
The RAMB18E1 design_1_i/polymul_axi_top_0/inst/u_core/u_zeta_pwm_rom/dout_reg has an input control pin design_1_i/polymul_axi_top_0/inst/u_core/u_zeta_pwm_rom/dout_reg/ENARDEN (net: design_1_i/polymul_axi_top_0/inst/u_core/u_zeta_pwm_rom/dout_reg_ENARDEN_cooolgate_en_sig_7) which is driven by a register (design_1_i/polymul_axi_top_0/inst/u_core/pwm_read_active_reg) that has an active asychronous set or reset. This may cause corruption of the memory contents and/or read values when the set/reset is asserted and is not analyzed by the default static timing analysis. It is suggested to eliminate the use of a set/reset to registers driving this RAMB pin or else use a synchronous reset in which the assertion of the reset is timed by default.
Related violations: <none>

REQP-1840#9 Warning
RAMB18 async control check  
The RAMB18E1 design_1_i/polymul_axi_top_0/inst/u_core/u_zeta_rom/dout_reg has an input control pin design_1_i/polymul_axi_top_0/inst/u_core/u_zeta_rom/dout_reg/ADDRARDADDR[10] (net: design_1_i/polymul_axi_top_0/inst/u_core/u_zeta_rom/twiddle_addr[6]) which is driven by a register (design_1_i/polymul_axi_top_0/inst/u_core/u_addr/bf_cnt_reg[0]) that has an active asychronous set or reset. This may cause corruption of the memory contents and/or read values when the set/reset is asserted and is not analyzed by the default static timing analysis. It is suggested to eliminate the use of a set/reset to registers driving this RAMB pin or else use a synchronous reset in which the assertion of the reset is timed by default.
Related violations: <none>

REQP-1840#10 Warning
RAMB18 async control check  
The RAMB18E1 design_1_i/polymul_axi_top_0/inst/u_core/u_zeta_rom/dout_reg has an input control pin design_1_i/polymul_axi_top_0/inst/u_core/u_zeta_rom/dout_reg/ADDRARDADDR[10] (net: design_1_i/polymul_axi_top_0/inst/u_core/u_zeta_rom/twiddle_addr[6]) which is driven by a register (design_1_i/polymul_axi_top_0/inst/u_core/u_addr/bf_cnt_reg[1]) that has an active asychronous set or reset. This may cause corruption of the memory contents and/or read values when the set/reset is asserted and is not analyzed by the default static timing analysis. It is suggested to eliminate the use of a set/reset to registers driving this RAMB pin or else use a synchronous reset in which the assertion of the reset is timed by default.
Related violations: <none>

REQP-1840#11 Warning
RAMB18 async control check  
The RAMB18E1 design_1_i/polymul_axi_top_0/inst/u_core/u_zeta_rom/dout_reg has an input control pin design_1_i/polymul_axi_top_0/inst/u_core/u_zeta_rom/dout_reg/ADDRARDADDR[10] (net: design_1_i/polymul_axi_top_0/inst/u_core/u_zeta_rom/twiddle_addr[6]) which is driven by a register (design_1_i/polymul_axi_top_0/inst/u_core/u_addr/bf_cnt_reg[2]) that has an active asychronous set or reset. This may cause corruption of the memory contents and/or read values when the set/reset is asserted and is not analyzed by the default static timing analysis. It is suggested to eliminate the use of a set/reset to registers driving this RAMB pin or else use a synchronous reset in which the assertion of the reset is timed by default.
Related violations: <none>

REQP-1840#12 Warning
RAMB18 async control check  
The RAMB18E1 design_1_i/polymul_axi_top_0/inst/u_core/u_zeta_rom/dout_reg has an input control pin design_1_i/polymul_axi_top_0/inst/u_core/u_zeta_rom/dout_reg/ADDRARDADDR[10] (net: design_1_i/polymul_axi_top_0/inst/u_core/u_zeta_rom/twiddle_addr[6]) which is driven by a register (design_1_i/polymul_axi_top_0/inst/u_core/u_addr/bf_cnt_reg[3]) that has an active asychronous set or reset. This may cause corruption of the memory contents and/or read values when the set/reset is asserted and is not analyzed by the default static timing analysis. It is suggested to eliminate the use of a set/reset to registers driving this RAMB pin or else use a synchronous reset in which the assertion of the reset is timed by default.
Related violations: <none>

REQP-1840#13 Warning
RAMB18 async control check  
The RAMB18E1 design_1_i/polymul_axi_top_0/inst/u_core/u_zeta_rom/dout_reg has an input control pin design_1_i/polymul_axi_top_0/inst/u_core/u_zeta_rom/dout_reg/ADDRARDADDR[10] (net: design_1_i/polymul_axi_top_0/inst/u_core/u_zeta_rom/twiddle_addr[6]) which is driven by a register (design_1_i/polymul_axi_top_0/inst/u_core/u_addr/bf_cnt_reg[4]) that has an active asychronous set or reset. This may cause corruption of the memory contents and/or read values when the set/reset is asserted and is not analyzed by the default static timing analysis. It is suggested to eliminate the use of a set/reset to registers driving this RAMB pin or else use a synchronous reset in which the assertion of the reset is timed by default.
Related violations: <none>

REQP-1840#14 Warning
RAMB18 async control check  
The RAMB18E1 design_1_i/polymul_axi_top_0/inst/u_core/u_zeta_rom/dout_reg has an input control pin design_1_i/polymul_axi_top_0/inst/u_core/u_zeta_rom/dout_reg/ADDRARDADDR[10] (net: design_1_i/polymul_axi_top_0/inst/u_core/u_zeta_rom/twiddle_addr[6]) which is driven by a register (design_1_i/polymul_axi_top_0/inst/u_core/u_addr/bf_cnt_reg[5]) that has an active asychronous set or reset. This may cause corruption of the memory contents and/or read values when the set/reset is asserted and is not analyzed by the default static timing analysis. It is suggested to eliminate the use of a set/reset to registers driving this RAMB pin or else use a synchronous reset in which the assertion of the reset is timed by default.
Related violations: <none>

REQP-1840#15 Warning
RAMB18 async control check  
The RAMB18E1 design_1_i/polymul_axi_top_0/inst/u_core/u_zeta_rom/dout_reg has an input control pin design_1_i/polymul_axi_top_0/inst/u_core/u_zeta_rom/dout_reg/ADDRARDADDR[10] (net: design_1_i/polymul_axi_top_0/inst/u_core/u_zeta_rom/twiddle_addr[6]) which is driven by a register (design_1_i/polymul_axi_top_0/inst/u_core/u_addr/bf_cnt_reg[6]) that has an active asychronous set or reset. This may cause corruption of the memory contents and/or read values when the set/reset is asserted and is not analyzed by the default static timing analysis. It is suggested to eliminate the use of a set/reset to registers driving this RAMB pin or else use a synchronous reset in which the assertion of the reset is timed by default.
Related violations: <none>

REQP-1840#16 Warning
RAMB18 async control check  
The RAMB18E1 design_1_i/polymul_axi_top_0/inst/u_core/u_zeta_rom/dout_reg has an input control pin design_1_i/polymul_axi_top_0/inst/u_core/u_zeta_rom/dout_reg/ADDRARDADDR[10] (net: design_1_i/polymul_axi_top_0/inst/u_core/u_zeta_rom/twiddle_addr[6]) which is driven by a register (design_1_i/polymul_axi_top_0/inst/u_core/u_addr/intt_reg_reg) that has an active asychronous set or reset. This may cause corruption of the memory contents and/or read values when the set/reset is asserted and is not analyzed by the default static timing analysis. It is suggested to eliminate the use of a set/reset to registers driving this RAMB pin or else use a synchronous reset in which the assertion of the reset is timed by default.
Related violations: <none>

REQP-1840#17 Warning
RAMB18 async control check  
The RAMB18E1 design_1_i/polymul_axi_top_0/inst/u_core/u_zeta_rom/dout_reg has an input control pin design_1_i/polymul_axi_top_0/inst/u_core/u_zeta_rom/dout_reg/ADDRARDADDR[10] (net: design_1_i/polymul_axi_top_0/inst/u_core/u_zeta_rom/twiddle_addr[6]) which is driven by a register (design_1_i/polymul_axi_top_0/inst/u_core/u_addr/stage_out_reg[0]) that has an active asychronous set or reset. This may cause corruption of the memory contents and/or read values when the set/reset is asserted and is not analyzed by the default static timing analysis. It is suggested to eliminate the use of a set/reset to registers driving this RAMB pin or else use a synchronous reset in which the assertion of the reset is timed by default.
Related violations: <none>

REQP-1840#18 Warning
RAMB18 async control check  
The RAMB18E1 design_1_i/polymul_axi_top_0/inst/u_core/u_zeta_rom/dout_reg has an input control pin design_1_i/polymul_axi_top_0/inst/u_core/u_zeta_rom/dout_reg/ADDRARDADDR[10] (net: design_1_i/polymul_axi_top_0/inst/u_core/u_zeta_rom/twiddle_addr[6]) which is driven by a register (design_1_i/polymul_axi_top_0/inst/u_core/u_addr/stage_out_reg[1]) that has an active asychronous set or reset. This may cause corruption of the memory contents and/or read values when the set/reset is asserted and is not analyzed by the default static timing analysis. It is suggested to eliminate the use of a set/reset to registers driving this RAMB pin or else use a synchronous reset in which the assertion of the reset is timed by default.
Related violations: <none>

REQP-1840#19 Warning
RAMB18 async control check  
The RAMB18E1 design_1_i/polymul_axi_top_0/inst/u_core/u_zeta_rom/dout_reg has an input control pin design_1_i/polymul_axi_top_0/inst/u_core/u_zeta_rom/dout_reg/ADDRARDADDR[10] (net: design_1_i/polymul_axi_top_0/inst/u_core/u_zeta_rom/twiddle_addr[6]) which is driven by a register (design_1_i/polymul_axi_top_0/inst/u_core/u_addr/stage_out_reg[2]) that has an active asychronous set or reset. This may cause corruption of the memory contents and/or read values when the set/reset is asserted and is not analyzed by the default static timing analysis. It is suggested to eliminate the use of a set/reset to registers driving this RAMB pin or else use a synchronous reset in which the assertion of the reset is timed by default.
Related violations: <none>

REQP-1840#20 Warning
RAMB18 async control check  
The RAMB18E1 design_1_i/polymul_axi_top_0/inst/u_core/u_zeta_rom/dout_reg has an input control pin design_1_i/polymul_axi_top_0/inst/u_core/u_zeta_rom/dout_reg/ADDRARDADDR[9] (net: design_1_i/polymul_axi_top_0/inst/u_core/u_zeta_rom/twiddle_addr[5]) which is driven by a register (design_1_i/polymul_axi_top_0/inst/u_core/u_addr/bf_cnt_reg[2]) that has an active asychronous set or reset. This may cause corruption of the memory contents and/or read values when the set/reset is asserted and is not analyzed by the default static timing analysis. It is suggested to eliminate the use of a set/reset to registers driving this RAMB pin or else use a synchronous reset in which the assertion of the reset is timed by default.
Related violations: <none>

REQP-181#1 Advisory
writefirst  
Synchronous clocking is detected for BRAM (design_1_i/axi_dma_0/U0/I_PRMRY_DATAMOVER/GEN_S2MM_FULL.I_S2MM_FULL_WRAPPER/GEN_ENABLE_INDET_BTT_SF.I_INDET_BTT/I_DATA_FIFO/BLK_MEM.I_SYNC_FIFOGEN_FIFO/xpm_fifo_instance.xpm_fifo_sync_inst/xpm_fifo_base_inst/gen_sdpram.xpm_memory_base_inst/gen_wr_a.gen_word_narrow.mem_reg) in SDP mode with WRITE_FIRST write-mode. This is the preferred mode for best power characteristics, however it may exhibit address collisions if the same address appears on both read and write ports resulting in unknown or corrupted read data. It is suggested to confirm via simulation that an address collision never occurs and if so it is suggested to try and avoid this situation. If address collisions cannot be avoided, the write-mode may be set to READ_FIRST which guarantees that the read data is the prior contents of the memory at the cost of additional power in the design. See the FPGA Memory Resources User Guide for additional information.
Related violations: <none>


